// Jest Snapshot v1, https://goo.gl/fbAQLP

exports[`renders welcome message 1`] = `
<div
  className="container"
>
  <h1
    className="heading"
  >
    Indesicion App
  </h1>
  <Connect(RemoveButton) />
  <Connect(AddOption) />
  <Connect(Options) />
  <Connect(VisibilityFilters) />
</div>
`;
